[html.rometheme.pro/codagraph/index04b9.html]
[html.rometheme.pro/codagraph/css/vendor/bootstrap.min.css]
[html.rometheme.pro/codagraph/css/vendor/fontawesome.css]
[html.rometheme.pro/codagraph/css/vendor/brands.css]
[html.rometheme.pro/codagraph/css/vendor/regular.css]
[html.rometheme.pro/codagraph/css/vendor/solid.css]
[html.rometheme.pro/codagraph/css/vendor/swiper-bundle.min.css]
[html.rometheme.pro/codagraph/css/style.css]
[backblue.gif]
[fade.gif]
[index.html]
[html.rometheme.pro/codagraph/js/vendor/bootstrap.bundle.min.js]
[html.rometheme.pro/codagraph/js/vendor/jquery.min.js]
[html.rometheme.pro/codagraph/js/script.js]
[html.rometheme.pro/codagraph/js/vendor/swiper-bundle.min.js]
[html.rometheme.pro/codagraph/js/swiper-script.js]
[html.rometheme.pro/codagraph/js/submit-form.js]
[html.rometheme.pro/codagraph/js/vendor/isotope.pkgd.min.js]
[html.rometheme.pro/codagraph/image/logo.png]
[html.rometheme.pro/codagraph/index.html]
[html.rometheme.pro/codagraph/index-2.html]
[html.rometheme.pro/codagraph/about_company.html]
[html.rometheme.pro/codagraph/about_personal.html]
[html.rometheme.pro/codagraph/portfolio_standard.html]
[html.rometheme.pro/codagraph/portfolio_grid.html]
[html.rometheme.pro/codagraph/portfolio_slider.html]
[html.rometheme.pro/codagraph/portfolio_single.html]
[html.rometheme.pro/codagraph/pricing.html]
[html.rometheme.pro/codagraph/services.html]
[html.rometheme.pro/codagraph/contact.html]
[html.rometheme.pro/codagraph/image/image-1920x900-2.jpg]
[html.rometheme.pro/codagraph/image/icon-1.png]
[html.rometheme.pro/codagraph/image/icon-2.png]
[html.rometheme.pro/codagraph/image/icon-3.png]
[html.rometheme.pro/codagraph/image/image-600x400-1.jpg]
[html.rometheme.pro/codagraph/image/image-600x400-2.jpg]
[html.rometheme.pro/codagraph/image/image-600x400-3.jpg]
[html.rometheme.pro/codagraph/image/image-1920x900-4.jpg]
[html.rometheme.pro/codagraph/image/image-400x400-1.jpg]
[html.rometheme.pro/codagraph/image/image-400x400-2.jpg]
[html.rometheme.pro/codagraph/image/image-400x400-3.jpg]
[html.rometheme.pro/codagraph/image/image-600x800-1.jpg]
[html.rometheme.pro/codagraph/image/image-600x800-2.jpg]
[html.rometheme.pro/codagraph/image/image-600x800-3.jpg]
[html.rometheme.pro/codagraph/image/image-900x500-1.jpg]
[html.rometheme.pro/codagraph/image/image-900x600-1.jpg]
[html.rometheme.pro/codagraph/image/image-600x800-8.jpg]
[html.rometheme.pro/codagraph/image/image-900x600-5.jpg]
[html.rometheme.pro/codagraph/image/image-900x600-2.jpg]
[html.rometheme.pro/codagraph/image/image-900x600-7.jpg]
[html.rometheme.pro/codagraph/image/image-600x800-5.jpg]
[html.rometheme.pro/codagraph/image/image-900x600-3.jpg]
[html.rometheme.pro/codagraph/image/image-600x800-4.jpg]
[html.rometheme.pro/codagraph/image/image-600x800-7.jpg]
[html.rometheme.pro/codagraph/image/image-900x600-6.jpg]
[html.rometheme.pro/codagraph/image/image-600x800-9.jpg]
[html.rometheme.pro/codagraph/image/image-900x600-8.jpg]
[html.rometheme.pro/codagraph/image/image-900x600-4.jpg]
[html.rometheme.pro/codagraph/image/image-600x800-6.jpg]
[html.rometheme.pro/codagraph/image/logo-ipsum-1.png]
[html.rometheme.pro/codagraph/image/logo-ipsum-2.png]
[html.rometheme.pro/codagraph/image/logo-ipsum-3.png]
[html.rometheme.pro/codagraph/image/logo-ipsum-4.png]
[html.rometheme.pro/codagraph/image/logo-ipsum-5.png]
[html.rometheme.pro/codagraph/image/logo-ipsum-6.png]
[html.rometheme.pro/codagraph/image/image-1920x900-1.jpg]
[html.rometheme.pro/codagraph/js/vendor/fslightbox.js]
[html.rometheme.pro/codagraph/js/masonry.js]
[html.rometheme.pro/codagraph/index04b9.html]
[html.rometheme.pro/codagraph/css/vendor/bootstrap.min.css]
[html.rometheme.pro/codagraph/css/vendor/fontawesome.css]
[html.rometheme.pro/codagraph/font/fa-brands-400.woff2]
[html.rometheme.pro/codagraph/css/vendor/brands.css]
[html.rometheme.pro/codagraph/font/fa-brands-400.ttf]
[html.rometheme.pro/codagraph/font/fa-regular-400.woff2]
[html.rometheme.pro/codagraph/css/vendor/regular.css]
[html.rometheme.pro/codagraph/font/fa-regular-400.ttf]
[html.rometheme.pro/codagraph/font/fa-solid-900.woff2]
[html.rometheme.pro/codagraph/css/vendor/solid.css]
[html.rometheme.pro/codagraph/css/vendor/swiper-bundle.min.css]
[html.rometheme.pro/codagraph/css/style.css]
[html.rometheme.pro/codagraph/index.html]
[html.rometheme.pro/codagraph/font/fa-solid-900.ttf]
[html.rometheme.pro/codagraph/image/image-1920x900-6.jpg]
[html.rometheme.pro/codagraph/image/image-600x800-10.png]
[html.rometheme.pro/codagraph/image/TTD.png]
[html.rometheme.pro/codagraph/index-2.html]
[html.rometheme.pro/codagraph/image/image-1920x900-8.jpg]
[html.rometheme.pro/codagraph/about_company.html]
[html.rometheme.pro/codagraph/about_personal.html]
[html.rometheme.pro/codagraph/portfolio_standard.html]
[html.rometheme.pro/codagraph/portfolio_grid.html]
[html.rometheme.pro/codagraph/image/image-900x600-9.jpg]
[html.rometheme.pro/codagraph/image/image-900x600-10.jpg]
[html.rometheme.pro/codagraph/image/image-900x600-11.jpg]
[html.rometheme.pro/codagraph/portfolio_slider.html]
[html.rometheme.pro/codagraph/js/video_embedded.js]
[html.rometheme.pro/codagraph/image/image-900x500-2.jpg]
[html.rometheme.pro/codagraph/image/image-900x700-1.jpg]
[html.rometheme.pro/codagraph/image/image-900x500-4.jpg]
[html.rometheme.pro/codagraph/image/image-900x700-2.jpg]
[html.rometheme.pro/codagraph/image/image-900x700-3.jpg]
[html.rometheme.pro/codagraph/image/image-900x500-3.jpg]
[html.rometheme.pro/codagraph/portfolio_single.html]
[html.rometheme.pro/codagraph/pricing.html]
[html.rometheme.pro/codagraph/image/image-900x700-4.jpg]
[html.rometheme.pro/codagraph/image/image-900x500-5.jpg]
[html.rometheme.pro/codagraph/services.html]
[html.rometheme.pro/codagraph/contact.html]
